{
  "title": "Family Tree",
  "imports": [],
  "weighting": {
    "experimental": [
      "1",
      "2",
      "4",
      "8",
      "16"
    ]
  },
  "frequency": {
    "Always": "6",
    "Usually": "5",
    "Often": "4",
    "Sometimes": "3",
    "Occasionally": "2",
    "Rarely": "1",
    "Never": "0"
  },
  "models": {
    "male": {
      "first-name": {
        "frequency": "always",
        "values": [
          {
            "quantity": {
              "type": "int",
              "min": 1,
              "max": 1
            },
            "value": {
              "type": "string",
              "list": [
                "sebastian",
                "adrian",
                "james",
                "henry",
                "john"
              ]
            },
            "raw": "*sebastian, adrian, james, henry, john*"
          }
        ]
      },
      "last-name": {
        "frequency": "always",
        "values": [
          {
            "quantity": {
              "type": "int",
              "min": 1,
              "max": 1
            },
            "value": {
              "type": "string",
              "list": [
                "smith",
                "keaton",
                "dupont",
                "baker",
                "butcher"
              ]
            },
            "raw": "1 of *smith, keaton, dupont, baker, butcher* "
          }
        ]
      },
      "sex": {
        "frequency": "always",
        "values": [
          {
            "quantity": {
              "type": "int",
              "min": 1,
              "max": 1
            },
            "value": {
              "type": "string",
              "list": [
                "male"
              ]
            },
            "raw": "*male*"
          }
        ]
      }
    },
    "female": {
      "first-name": {
        "frequency": "always",
        "values": [
          {
            "quantity": {
              "type": "int",
              "min": 1,
              "max": 1
            },
            "value": {
              "type": "string",
              "list": [
                "jane",
                "kate",
                "victoria",
                "elisabeth",
                "estelle",
                "clara"
              ]
            },
            "raw": "*jane, kate, victoria, elisabeth, estelle,clara*"
          }
        ]
      },
      "last-name": {
        "frequency": "always",
        "values": [
          {
            "quantity": {
              "type": "int",
              "min": 1,
              "max": 1
            },
            "value": {
              "type": "string",
              "list": [
                "smith",
                "keaton",
                "dupont",
                "baker",
                "butcher"
              ]
            },
            "raw": "1 of *smith, keaton, dupont, baker, butcher* "
          }
        ]
      },
      "sex": {
        "frequency": "always",
        "values": [
          {
            "quantity": {
              "type": "int",
              "min": 1,
              "max": 1
            },
            "value": {
              "type": "string",
              "list": [
                "female"
              ]
            },
            "raw": "*female*"
          }
        ]
      }
    },
    "parent": {
      "son": {
        "frequency": "sometimes",
        "values": [
          {
            "quantity": {
              "type": "int",
              "min": 1,
              "max": 8
            },
            "value": {
              "ref": "boys"
            },
            "raw": "1 to 8 of `boys`"
          }
        ]
      },
      "daughter": {
        "frequency": "sometimes",
        "values": [
          {
            "quantity": {
              "type": "int",
              "min": 0,
              "max": 7
            },
            "value": {
              "ref": "girls"
            },
            "raw": "0 to 7 of `girls`"
          }
        ]
      }
    },
    "child": {
      "dad": {
        "frequency": "always",
        "values": [
          {
            "quantity": {
              "type": "int",
              "min": 1,
              "max": 1
            },
            "value": {
              "ref": "boys"
            },
            "raw": "`boys`"
          }
        ]
      },
      "mum": {
        "frequency": "always",
        "values": [
          {
            "quantity": {
              "type": "int",
              "min": 1,
              "max": 1
            },
            "value": {
              "ref": "girls"
            },
            "raw": "`girls`"
          }
        ]
      }
    }
  },
  "refs": {
    "boys": {
      "quantity": {
        "type": "int",
        "min": 3,
        "max": 3
      },
      "value": {
        "ref": "male"
      },
      "raw": " 3 of `male`"
    },
    "girls": {
      "quantity": {
        "type": "int",
        "min": 3,
        "max": 3
      },
      "value": {
        "ref": "female"
      },
      "raw": " 3 of `female`"
    },
    "parents": {
      "quantity": {
        "type": "int",
        "min": 4,
        "max": 4
      },
      "value": {
        "ref": "parent"
      },
      "raw": " 4 of `parent`"
    },
    "children": {
      "quantity": {
        "type": "int",
        "min": 3,
        "max": 6
      },
      "value": {
        "ref": "child"
      },
      "raw": "  3 to 6 of `child`"
    }
  }
}
