[
  {
    "i": "f-first-name-2",
    "s": "f-female-1",
    "p": "first-name",
    "o": [
      "victoria"
    ]
  },
  {
    "i": "f-last-name-3",
    "s": "f-female-1",
    "p": "last-name",
    "o": [
      "baker"
    ]
  },
  {
    "i": "f-sex-4",
    "s": "f-female-1",
    "p": "sex",
    "o": [
      "female"
    ]
  }
]
