[
  {
    "i": "f-first-name-23",
    "s": "first-name",
    "p": "child-of-fiction-model",
    "o": [
      "male"
    ]
  },
  {
    "i": "f-last-name-24",
    "s": "last-name",
    "p": "child-of-fiction-model",
    "o": [
      "male"
    ]
  },
  {
    "i": "f-code-name-25",
    "s": "code-name",
    "p": "child-of-fiction-model",
    "o": [
      "male"
    ]
  },
  {
    "i": "f-sex-26",
    "s": "sex",
    "p": "child-of-fiction-model",
    "o": [
      "male"
    ]
  },
  {
    "i": "f-first-name-27",
    "s": "first-name",
    "p": "child-of-fiction-model",
    "o": [
      "female"
    ]
  },
  {
    "i": "f-last-name-28",
    "s": "last-name",
    "p": "child-of-fiction-model",
    "o": [
      "female"
    ]
  },
  {
    "i": "f-sex-29",
    "s": "sex",
    "p": "child-of-fiction-model",
    "o": [
      "female"
    ]
  },
  {
    "i": "f-son-30",
    "s": "son",
    "p": "child-of-fiction-model",
    "o": [
      "parent"
    ]
  },
  {
    "i": "f-daughter-31",
    "s": "daughter",
    "p": "child-of-fiction-model",
    "o": [
      "parent"
    ]
  },
  {
    "s": "f-male-2-1",
    "p": "first-name",
    "o": [
      "john"
    ]
  },
  {
    "s": "f-male-2-1",
    "p": "last-name",
    "o": [
      "keaton"
    ]
  },
  {
    "s": "f-male-2-1",
    "p": "code-name",
    "o": [
      "033"
    ]
  },
  {
    "s": "f-male-2-1",
    "p": "sex",
    "o": [
      "male",
      "Mister"
    ]
  },
  {
    "s": "f-male-3-2",
    "p": "first-name",
    "o": [
      "john"
    ]
  },
  {
    "s": "f-male-3-2",
    "p": "last-name",
    "o": [
      "smith"
    ]
  },
  {
    "s": "f-male-3-2",
    "p": "code-name",
    "o": [
      "sweety"
    ]
  },
  {
    "s": "f-male-3-2",
    "p": "sex",
    "o": [
      "male",
      "Mister"
    ]
  },
  {
    "s": "f-male-4-3",
    "p": "first-name",
    "o": [
      "john"
    ]
  },
  {
    "s": "f-male-4-3",
    "p": "last-name",
    "o": [
      "dupont"
    ]
  },
  {
    "s": "f-male-4-3",
    "p": "code-name",
    "o": [
      "007"
    ]
  },
  {
    "s": "f-male-4-3",
    "p": "sex",
    "o": [
      "male",
      "Mister"
    ]
  },
  {
    "s": "f-male-5-4",
    "p": "first-name",
    "o": [
      "henry"
    ]
  },
  {
    "s": "f-male-5-4",
    "p": "last-name",
    "o": [
      "dupont"
    ]
  },
  {
    "s": "f-male-5-4",
    "p": "code-name",
    "o": [
      "sweety"
    ]
  },
  {
    "s": "f-male-5-4",
    "p": "sex",
    "o": [
      "male",
      "Mister"
    ]
  },
  {
    "s": "f-male-6-5",
    "p": "first-name",
    "o": [
      "james"
    ]
  },
  {
    "s": "f-male-6-5",
    "p": "last-name",
    "o": [
      "keaton"
    ]
  },
  {
    "s": "f-male-6-5",
    "p": "code-name",
    "o": [
      "033"
    ]
  },
  {
    "s": "f-male-6-5",
    "p": "sex",
    "o": [
      "male",
      "Mister"
    ]
  },
  {
    "s": "f-male-7-6",
    "p": "first-name",
    "o": [
      "henry"
    ]
  },
  {
    "s": "f-male-7-6",
    "p": "last-name",
    "o": [
      "butcher"
    ]
  },
  {
    "s": "f-male-7-6",
    "p": "code-name",
    "o": [
      "047"
    ]
  },
  {
    "s": "f-male-7-6",
    "p": "sex",
    "o": [
      "male",
      "Mister"
    ]
  },
  {
    "s": "f-male-8-7",
    "p": "first-name",
    "o": [
      "henry"
    ]
  },
  {
    "s": "f-male-8-7",
    "p": "last-name",
    "o": [
      "baker"
    ]
  },
  {
    "s": "f-male-8-7",
    "p": "code-name",
    "o": [
      "007"
    ]
  },
  {
    "s": "f-male-8-7",
    "p": "sex",
    "o": [
      "male",
      "Mister"
    ]
  },
  {
    "s": "f-female-9-1",
    "p": "first-name",
    "o": [
      "kate"
    ]
  },
  {
    "s": "f-female-9-1",
    "p": "last-name",
    "o": [
      "keaton"
    ]
  },
  {
    "s": "f-female-9-1",
    "p": "sex",
    "o": [
      "female",
      [
        "Doctor",
        {
          "fr": "Docteur"
        }
      ]
    ]
  },
  {
    "s": "f-female-10-2",
    "p": "first-name",
    "o": [
      "kate"
    ]
  },
  {
    "s": "f-female-10-2",
    "p": "last-name",
    "o": [
      "butcher"
    ]
  },
  {
    "s": "f-female-10-2",
    "p": "sex",
    "o": [
      "female",
      [
        "Doctor",
        {
          "fr": "Docteur"
        }
      ]
    ]
  },
  {
    "s": "f-female-11-3",
    "p": "first-name",
    "o": [
      "elisabeth"
    ]
  },
  {
    "s": "f-female-11-3",
    "p": "last-name",
    "o": [
      "baker"
    ]
  },
  {
    "s": "f-female-11-3",
    "p": "sex",
    "o": [
      "female",
      [
        "Doctor",
        {
          "fr": "Docteur"
        }
      ]
    ]
  },
  {
    "s": "f-female-12-4",
    "p": "first-name",
    "o": [
      "victoria"
    ]
  },
  {
    "s": "f-female-12-4",
    "p": "last-name",
    "o": [
      "baker"
    ]
  },
  {
    "s": "f-female-12-4",
    "p": "sex",
    "o": [
      "female",
      [
        "Doctor",
        {
          "fr": "Docteur"
        }
      ]
    ]
  },
  {
    "s": "f-female-13-5",
    "p": "first-name",
    "o": [
      "estelle"
    ]
  },
  {
    "s": "f-female-13-5",
    "p": "last-name",
    "o": [
      "keaton"
    ]
  },
  {
    "s": "f-female-13-5",
    "p": "sex",
    "o": [
      "female",
      [
        "Doctor",
        {
          "fr": "Docteur"
        }
      ]
    ]
  },
  {
    "s": "f-female-14-6",
    "p": "first-name",
    "o": [
      "kate"
    ]
  },
  {
    "s": "f-female-14-6",
    "p": "last-name",
    "o": [
      "butcher"
    ]
  },
  {
    "s": "f-female-14-6",
    "p": "sex",
    "o": [
      "female",
      [
        "Doctor",
        {
          "fr": "Docteur"
        }
      ]
    ]
  },
  {
    "s": "f-parent-1-1",
    "p": "son",
    "o": [
      "f-male-2-1"
    ]
  },
  {
    "s": "f-parent-1-1",
    "p": "son",
    "o": [
      "f-male-3-2"
    ]
  },
  {
    "s": "f-parent-1-1",
    "p": "son",
    "o": [
      "f-male-4-3"
    ]
  },
  {
    "s": "f-parent-1-1",
    "p": "son",
    "o": [
      "f-male-5-4"
    ]
  },
  {
    "s": "f-parent-1-1",
    "p": "son",
    "o": [
      "f-male-6-5"
    ]
  },
  {
    "s": "f-parent-1-1",
    "p": "son",
    "o": [
      "f-male-7-6"
    ]
  },
  {
    "s": "f-parent-1-1",
    "p": "son",
    "o": [
      "f-male-8-7"
    ]
  },
  {
    "s": "f-parent-1-1",
    "p": "daughter",
    "o": [
      "f-female-9-1"
    ]
  },
  {
    "s": "f-parent-1-1",
    "p": "daughter",
    "o": [
      "f-female-10-2"
    ]
  },
  {
    "s": "f-parent-1-1",
    "p": "daughter",
    "o": [
      "f-female-11-3"
    ]
  },
  {
    "s": "f-parent-1-1",
    "p": "daughter",
    "o": [
      "f-female-12-4"
    ]
  },
  {
    "s": "f-parent-1-1",
    "p": "daughter",
    "o": [
      "f-female-13-5"
    ]
  },
  {
    "s": "f-parent-1-1",
    "p": "daughter",
    "o": [
      "f-female-14-6"
    ]
  },
  {
    "s": "f-female-17-1",
    "p": "first-name",
    "o": [
      "kate"
    ]
  },
  {
    "s": "f-female-17-1",
    "p": "last-name",
    "o": [
      "baker"
    ]
  },
  {
    "s": "f-female-17-1",
    "p": "sex",
    "o": [
      "female",
      [
        "Doctor",
        {
          "fr": "Docteur"
        }
      ]
    ]
  },
  {
    "s": "f-female-18-2",
    "p": "first-name",
    "o": [
      "victoria"
    ]
  },
  {
    "s": "f-female-18-2",
    "p": "last-name",
    "o": [
      "butcher"
    ]
  },
  {
    "s": "f-female-18-2",
    "p": "sex",
    "o": [
      "female",
      [
        "Doctor",
        {
          "fr": "Docteur"
        }
      ]
    ]
  },
  {
    "s": "f-female-19-3",
    "p": "first-name",
    "o": [
      "jane"
    ]
  },
  {
    "s": "f-female-19-3",
    "p": "last-name",
    "o": [
      "baker"
    ]
  },
  {
    "s": "f-female-19-3",
    "p": "sex",
    "o": [
      "female",
      [
        "Doctor",
        {
          "fr": "Docteur"
        }
      ]
    ]
  },
  {
    "s": "f-female-20-4",
    "p": "first-name",
    "o": [
      "clara"
    ]
  },
  {
    "s": "f-female-20-4",
    "p": "last-name",
    "o": [
      "keaton"
    ]
  },
  {
    "s": "f-female-20-4",
    "p": "sex",
    "o": [
      "female",
      [
        "Doctor",
        {
          "fr": "Docteur"
        }
      ]
    ]
  },
  {
    "s": "f-female-21-5",
    "p": "first-name",
    "o": [
      "kate"
    ]
  },
  {
    "s": "f-female-21-5",
    "p": "last-name",
    "o": [
      "keaton"
    ]
  },
  {
    "s": "f-female-21-5",
    "p": "sex",
    "o": [
      "female",
      [
        "Doctor",
        {
          "fr": "Docteur"
        }
      ]
    ]
  },
  {
    "s": "f-female-22-6",
    "p": "first-name",
    "o": [
      "kate"
    ]
  },
  {
    "s": "f-female-22-6",
    "p": "last-name",
    "o": [
      "butcher"
    ]
  },
  {
    "s": "f-female-22-6",
    "p": "sex",
    "o": [
      "female",
      [
        "Doctor",
        {
          "fr": "Docteur"
        }
      ]
    ]
  },
  {
    "s": "f-parent-16-3",
    "p": "daughter",
    "o": [
      "f-female-17-1"
    ]
  },
  {
    "s": "f-parent-16-3",
    "p": "daughter",
    "o": [
      "f-female-18-2"
    ]
  },
  {
    "s": "f-parent-16-3",
    "p": "daughter",
    "o": [
      "f-female-19-3"
    ]
  },
  {
    "s": "f-parent-16-3",
    "p": "daughter",
    "o": [
      "f-female-20-4"
    ]
  },
  {
    "s": "f-parent-16-3",
    "p": "daughter",
    "o": [
      "f-female-21-5"
    ]
  },
  {
    "s": "f-parent-16-3",
    "p": "daughter",
    "o": [
      "f-female-22-6"
    ]
  }
]
