[
  {
    "i": "f-first-name-3",
    "s": "first-name",
    "p": "child-of-fiction-model",
    "o": [
      "male"
    ]
  },
  {
    "i": "f-last-name-4",
    "s": "last-name",
    "p": "child-of-fiction-model",
    "o": [
      "male"
    ]
  },
  {
    "i": "f-code-name-5",
    "s": "code-name",
    "p": "child-of-fiction-model",
    "o": [
      "male"
    ]
  },
  {
    "i": "f-sex-6",
    "s": "sex",
    "p": "child-of-fiction-model",
    "o": [
      "male"
    ]
  },
  {
    "i": "f-first-name-7",
    "s": "first-name",
    "p": "child-of-fiction-model",
    "o": [
      "female"
    ]
  },
  {
    "i": "f-last-name-8",
    "s": "last-name",
    "p": "child-of-fiction-model",
    "o": [
      "female"
    ]
  },
  {
    "i": "f-sex-9",
    "s": "sex",
    "p": "child-of-fiction-model",
    "o": [
      "female"
    ]
  },
  {
    "i": "f-son-10",
    "s": "son",
    "p": "child-of-fiction-model",
    "o": [
      "parent"
    ]
  },
  {
    "i": "f-daughter-11",
    "s": "daughter",
    "p": "child-of-fiction-model",
    "o": [
      "parent"
    ]
  },
  {
    "s": "f-male-1-1",
    "p": "first-name",
    "o": [
      "adrian"
    ]
  },
  {
    "s": "f-male-1-1",
    "p": "last-name",
    "o": [
      "baker"
    ]
  },
  {
    "s": "f-male-1-1",
    "p": "code-name",
    "o": [
      "033"
    ]
  },
  {
    "s": "f-male-1-1",
    "p": "sex",
    "o": [
      "male",
      "Mister"
    ]
  },
  {
    "s": "f-male-2-2",
    "p": "first-name",
    "o": [
      "adrian"
    ]
  },
  {
    "s": "f-male-2-2",
    "p": "last-name",
    "o": [
      "butcher"
    ]
  },
  {
    "s": "f-male-2-2",
    "p": "code-name",
    "o": [
      "033"
    ]
  },
  {
    "s": "f-male-2-2",
    "p": "sex",
    "o": [
      "male",
      "Mister"
    ]
  }
]
