[
  {
    "i": "m-ingredient-5",
    "s": "ingredient",
    "p": "child-of-fiction-model",
    "o": [
      "secret-spice"
    ]
  },
  {
    "i": "m-olive-oil-6",
    "s": "olive-oil",
    "p": "child-of-fiction-model",
    "o": [
      "sauce"
    ]
  },
  {
    "i": "m-pepper-7",
    "s": "pepper",
    "p": "child-of-fiction-model",
    "o": [
      "sauce"
    ]
  },
  {
    "i": "m-diced-onion-8",
    "s": "diced-onion",
    "p": "child-of-fiction-model",
    "o": [
      "sauce"
    ]
  },
  {
    "i": "m-spice:Garlic/wild-9",
    "s": "spice:Garlic/wild",
    "p": "child-of-fiction-model",
    "o": [
      "sauce"
    ]
  },
  {
    "i": "m-spice:Garlic/black-10",
    "s": "spice:Garlic/black",
    "p": "child-of-fiction-model",
    "o": [
      "sauce"
    ]
  },
  {
    "i": "m-chilli-11",
    "s": "chilli",
    "p": "child-of-fiction-model",
    "o": [
      "sauce"
    ]
  },
  {
    "i": "m-secret-12",
    "s": "secret",
    "p": "child-of-fiction-model",
    "o": [
      "sauce"
    ]
  },
  {
    "i": "m-spoon-of-13",
    "s": "spoon-of",
    "p": "child-of-fiction-model",
    "o": [
      "sauce"
    ]
  },
  {
    "i": "m-meat-type-14",
    "s": "meat-type",
    "p": "child-of-fiction-model",
    "o": [
      "meat"
    ]
  },
  {
    "i": "m-sauce-15",
    "s": "sauce",
    "p": "child-of-fiction-model",
    "o": [
      "meat"
    ]
  },
  {
    "i": "m-vegetable-mix-16",
    "s": "vegetable-mix",
    "p": "child-of-fiction-model",
    "o": [
      "vegetable"
    ]
  },
  {
    "i": "m-sauce-17",
    "s": "sauce",
    "p": "child-of-fiction-model",
    "o": [
      "vegetable"
    ]
  },
  {
    "i": "m-topping-18",
    "s": "topping",
    "p": "child-of-fiction-model",
    "o": [
      "dessert"
    ]
  },
  {
    "i": "m-starter-19",
    "s": "starter",
    "p": "child-of-fiction-model",
    "o": [
      "meal"
    ]
  },
  {
    "i": "m-main-meat-20",
    "s": "main-meat",
    "p": "child-of-fiction-model",
    "o": [
      "meal"
    ]
  },
  {
    "i": "m-main-vegetable-21",
    "s": "main-vegetable",
    "p": "child-of-fiction-model",
    "o": [
      "meal"
    ]
  },
  {
    "i": "m-dessert-22",
    "s": "dessert",
    "p": "child-of-fiction-model",
    "o": [
      "meal"
    ]
  },
  {
    "s": "m-sauce-2-1",
    "p": "pepper",
    "o": [
      2.833,
      "teaspoon"
    ]
  },
  {
    "s": "m-sauce-2-1",
    "p": "spice:Garlic/wild",
    "o": []
  },
  {
    "s": "m-sauce-2-1",
    "p": "spice:Garlic/black",
    "o": []
  },
  {
    "s": "m-sauce-2-1",
    "p": "chilli",
    "o": [
      true
    ]
  },
  {
    "s": "m-sauce-2-1",
    "p": "secret",
    "o": [
      "ref-m-secret"
    ]
  },
  {
    "s": "m-sauce-2-1",
    "p": "spoon-of",
    "o": [
      "cognac"
    ]
  },
  {
    "s": "m-sauce-2-1",
    "p": "spoon-of",
    "o": [
      "armagnac"
    ]
  },
  {
    "s": "m-meat-1-1",
    "p": "meat-type",
    "o": [
      "beef"
    ]
  },
  {
    "s": "m-meat-1-1",
    "p": "sauce",
    "o": [
      "m-sauce-2-1"
    ]
  },
  {
    "s": "m-sauce-4-1",
    "p": "olive-oil",
    "o": [
      4,
      "teaspoon"
    ]
  },
  {
    "s": "m-sauce-4-1",
    "p": "pepper",
    "o": [
      2.778,
      "teaspoon"
    ]
  },
  {
    "s": "m-sauce-4-1",
    "p": "chilli",
    "o": [
      true
    ]
  },
  {
    "s": "m-sauce-4-1",
    "p": "secret",
    "o": [
      "ref-m-secret"
    ]
  },
  {
    "s": "m-sauce-4-1",
    "p": "spoon-of",
    "o": [
      "cognac"
    ]
  },
  {
    "s": "m-sauce-4-1",
    "p": "spoon-of",
    "o": [
      "armagnac"
    ]
  },
  {
    "s": "m-meat-3-2",
    "p": "meat-type",
    "o": [
      "beef"
    ]
  },
  {
    "s": "m-meat-3-2",
    "p": "sauce",
    "o": [
      "m-sauce-4-1"
    ]
  },
  {
    "s": "ref-m-secret",
    "p": "ingredient",
    "o": [
      "coriander"
    ]
  },
  {
    "s": "ref-m-secret",
    "p": "ingredient",
    "o": [
      "coriander"
    ]
  }
]
