[
  {
    "i": "main123-ingredient-2",
    "s": "main123-secret-spice-1",
    "p": "ingredient",
    "o": [
      "orange"
    ]
  }
]
