[
  {
    "i": "m-ingredient-3",
    "s": "ingredient",
    "p": "child-of-fiction-model",
    "o": [
      "secret-spice"
    ]
  },
  {
    "i": "m-olive-oil-4",
    "s": "olive-oil",
    "p": "child-of-fiction-model",
    "o": [
      "sauce"
    ]
  },
  {
    "i": "m-pepper-5",
    "s": "pepper",
    "p": "child-of-fiction-model",
    "o": [
      "sauce"
    ]
  },
  {
    "i": "m-diced-onion-6",
    "s": "diced-onion",
    "p": "child-of-fiction-model",
    "o": [
      "sauce"
    ]
  },
  {
    "i": "m-spice:Garlic/wild-7",
    "s": "spice:Garlic/wild",
    "p": "child-of-fiction-model",
    "o": [
      "sauce"
    ]
  },
  {
    "i": "m-spice:Garlic/black-8",
    "s": "spice:Garlic/black",
    "p": "child-of-fiction-model",
    "o": [
      "sauce"
    ]
  },
  {
    "i": "m-chilli-9",
    "s": "chilli",
    "p": "child-of-fiction-model",
    "o": [
      "sauce"
    ]
  },
  {
    "i": "m-secret-10",
    "s": "secret",
    "p": "child-of-fiction-model",
    "o": [
      "sauce"
    ]
  },
  {
    "i": "m-spoon-of-11",
    "s": "spoon-of",
    "p": "child-of-fiction-model",
    "o": [
      "sauce"
    ]
  },
  {
    "i": "m-meat-type-12",
    "s": "meat-type",
    "p": "child-of-fiction-model",
    "o": [
      "meat"
    ]
  },
  {
    "i": "m-sauce-13",
    "s": "sauce",
    "p": "child-of-fiction-model",
    "o": [
      "meat"
    ]
  },
  {
    "i": "m-vegetable-mix-14",
    "s": "vegetable-mix",
    "p": "child-of-fiction-model",
    "o": [
      "vegetable"
    ]
  },
  {
    "i": "m-sauce-15",
    "s": "sauce",
    "p": "child-of-fiction-model",
    "o": [
      "vegetable"
    ]
  },
  {
    "i": "m-topping-16",
    "s": "topping",
    "p": "child-of-fiction-model",
    "o": [
      "dessert"
    ]
  },
  {
    "i": "m-starter-17",
    "s": "starter",
    "p": "child-of-fiction-model",
    "o": [
      "meal"
    ]
  },
  {
    "i": "m-main-meat-18",
    "s": "main-meat",
    "p": "child-of-fiction-model",
    "o": [
      "meal"
    ]
  },
  {
    "i": "m-main-vegetable-19",
    "s": "main-vegetable",
    "p": "child-of-fiction-model",
    "o": [
      "meal"
    ]
  },
  {
    "i": "m-dessert-20",
    "s": "dessert",
    "p": "child-of-fiction-model",
    "o": [
      "meal"
    ]
  },
  {
    "s": "m-sauce-1-1",
    "p": "olive-oil",
    "o": [
      8.75,
      "tablespoon"
    ]
  },
  {
    "s": "m-sauce-1-1",
    "p": "pepper",
    "o": [
      2.833,
      "teaspoon"
    ]
  },
  {
    "s": "m-sauce-1-1",
    "p": "spice:Garlic/wild",
    "o": []
  },
  {
    "s": "m-sauce-1-1",
    "p": "spice:Garlic/black",
    "o": []
  },
  {
    "s": "m-sauce-1-1",
    "p": "chilli",
    "o": [
      true
    ]
  },
  {
    "s": "m-sauce-1-1",
    "p": "secret",
    "o": [
      "ref-m-secret"
    ]
  },
  {
    "s": "m-sauce-1-1",
    "p": "spoon-of",
    "o": [
      "cognac"
    ]
  },
  {
    "s": "m-sauce-1-1",
    "p": "spoon-of",
    "o": [
      "armagnac"
    ]
  },
  {
    "s": "m-sauce-2-2",
    "p": "olive-oil",
    "o": [
      6.75,
      "tablespoon"
    ]
  },
  {
    "s": "m-sauce-2-2",
    "p": "pepper",
    "o": [
      1.778,
      "teaspoon"
    ]
  },
  {
    "s": "m-sauce-2-2",
    "p": "diced-onion",
    "o": [
      5
    ]
  },
  {
    "s": "m-sauce-2-2",
    "p": "chilli",
    "o": [
      true
    ]
  },
  {
    "s": "m-sauce-2-2",
    "p": "secret",
    "o": [
      "ref-m-secret"
    ]
  },
  {
    "s": "m-sauce-2-2",
    "p": "spoon-of",
    "o": [
      "cognac"
    ]
  },
  {
    "s": "m-sauce-2-2",
    "p": "spoon-of",
    "o": [
      "armagnac"
    ]
  },
  {
    "s": "ref-m-secret",
    "p": "ingredient",
    "o": [
      "massala"
    ]
  },
  {
    "s": "ref-m-secret",
    "p": "ingredient",
    "o": [
      "orange"
    ]
  }
]
