[
  {
    "i": "main123-topping-2",
    "s": "main123-dessert-1",
    "p": "topping",
    "o": [
      "caramel"
    ]
  }
]
