[
  {
    "i": "main123-olive-oil-5",
    "s": "main123-sauce-4",
    "p": "olive-oil",
    "o": [
      8.75,
      "tablespoon"
    ]
  },
  {
    "i": "main123-pepper-6",
    "s": "main123-sauce-4",
    "p": "pepper",
    "o": [
      1.333,
      "teaspoon"
    ]
  },
  {
    "i": "main123-diced-onion-7",
    "s": "main123-sauce-4",
    "p": "diced-onion",
    "o": [
      5
    ]
  },
  {
    "i": "main123-spice:Garlic/wild-8",
    "s": "main123-sauce-4",
    "p": "spice:Garlic/wild",
    "o": []
  },
  {
    "i": "main123-spice:Garlic/black-9",
    "s": "main123-sauce-4",
    "p": "spice:Garlic/black",
    "o": []
  },
  {
    "i": "main123-chilli-10",
    "s": "main123-sauce-4",
    "p": "chilli",
    "o": [
      true
    ]
  },
  {
    "i": "main123-secret-11",
    "s": "main123-sauce-4",
    "p": "secret",
    "o": [
      "rel-ref-main123-secret"
    ]
  },
  {
    "i": "main123-spoon-of-12",
    "s": "main123-sauce-4",
    "p": "spoon-of",
    "o": [
      "cognac"
    ]
  },
  {
    "i": "main123-spoon-of-13",
    "s": "main123-sauce-4",
    "p": "spoon-of",
    "o": [
      "armagnac"
    ]
  },
  {
    "i": "main123-vegetable-mix-2",
    "s": "main123-vegetable-1",
    "p": "vegetable-mix",
    "o": [
      "turnip"
    ]
  },
  {
    "i": "main123-sauce-3",
    "s": "main123-vegetable-1",
    "p": "sauce",
    "o": [
      "main123-sauce-4"
    ]
  }
]
