[
  {
    "i": "m-ingredient-11",
    "s": "ingredient",
    "p": "child-of-fiction-model",
    "o": [
      "secret-spice"
    ]
  },
  {
    "i": "m-olive-oil-12",
    "s": "olive-oil",
    "p": "child-of-fiction-model",
    "o": [
      "sauce"
    ]
  },
  {
    "i": "m-pepper-13",
    "s": "pepper",
    "p": "child-of-fiction-model",
    "o": [
      "sauce"
    ]
  },
  {
    "i": "m-diced-onion-14",
    "s": "diced-onion",
    "p": "child-of-fiction-model",
    "o": [
      "sauce"
    ]
  },
  {
    "i": "m-spice:Garlic/wild-15",
    "s": "spice:Garlic/wild",
    "p": "child-of-fiction-model",
    "o": [
      "sauce"
    ]
  },
  {
    "i": "m-spice:Garlic/black-16",
    "s": "spice:Garlic/black",
    "p": "child-of-fiction-model",
    "o": [
      "sauce"
    ]
  },
  {
    "i": "m-chilli-17",
    "s": "chilli",
    "p": "child-of-fiction-model",
    "o": [
      "sauce"
    ]
  },
  {
    "i": "m-secret-18",
    "s": "secret",
    "p": "child-of-fiction-model",
    "o": [
      "sauce"
    ]
  },
  {
    "i": "m-spoon-of-19",
    "s": "spoon-of",
    "p": "child-of-fiction-model",
    "o": [
      "sauce"
    ]
  },
  {
    "i": "m-meat-type-20",
    "s": "meat-type",
    "p": "child-of-fiction-model",
    "o": [
      "meat"
    ]
  },
  {
    "i": "m-sauce-21",
    "s": "sauce",
    "p": "child-of-fiction-model",
    "o": [
      "meat"
    ]
  },
  {
    "i": "m-vegetable-mix-22",
    "s": "vegetable-mix",
    "p": "child-of-fiction-model",
    "o": [
      "vegetable"
    ]
  },
  {
    "i": "m-sauce-23",
    "s": "sauce",
    "p": "child-of-fiction-model",
    "o": [
      "vegetable"
    ]
  },
  {
    "i": "m-topping-24",
    "s": "topping",
    "p": "child-of-fiction-model",
    "o": [
      "dessert"
    ]
  },
  {
    "i": "m-starter-25",
    "s": "starter",
    "p": "child-of-fiction-model",
    "o": [
      "meal"
    ]
  },
  {
    "i": "m-main-meat-26",
    "s": "main-meat",
    "p": "child-of-fiction-model",
    "o": [
      "meal"
    ]
  },
  {
    "i": "m-main-vegetable-27",
    "s": "main-vegetable",
    "p": "child-of-fiction-model",
    "o": [
      "meal"
    ]
  },
  {
    "i": "m-dessert-28",
    "s": "dessert",
    "p": "child-of-fiction-model",
    "o": [
      "meal"
    ]
  },
  {
    "s": "m-sauce-3-1",
    "p": "olive-oil",
    "o": [
      9,
      "teaspoon"
    ]
  },
  {
    "s": "m-sauce-3-1",
    "p": "pepper",
    "o": [
      2.278,
      "teaspoon"
    ]
  },
  {
    "s": "m-sauce-3-1",
    "p": "diced-onion",
    "o": [
      2
    ]
  },
  {
    "s": "m-sauce-3-1",
    "p": "spice:Garlic/wild",
    "o": []
  },
  {
    "s": "m-sauce-3-1",
    "p": "spice:Garlic/black",
    "o": []
  },
  {
    "s": "m-sauce-3-1",
    "p": "chilli",
    "o": [
      true
    ]
  },
  {
    "s": "m-sauce-3-1",
    "p": "secret",
    "o": [
      "rel-ref-m-secret"
    ]
  },
  {
    "s": "m-sauce-3-1",
    "p": "spoon-of",
    "o": [
      "cognac"
    ]
  },
  {
    "s": "m-sauce-3-1",
    "p": "spoon-of",
    "o": [
      "armagnac"
    ]
  },
  {
    "s": "m-meat-2-1",
    "p": "meat-type",
    "o": [
      "chicken"
    ]
  },
  {
    "s": "m-meat-2-1",
    "p": "sauce",
    "o": [
      "m-sauce-3-1"
    ]
  },
  {
    "s": "m-sauce-5-1",
    "p": "olive-oil",
    "o": [
      8.25,
      "teaspoon"
    ]
  },
  {
    "s": "m-sauce-5-1",
    "p": "pepper",
    "o": [
      1.556,
      "teaspoon"
    ]
  },
  {
    "s": "m-sauce-5-1",
    "p": "chilli",
    "o": [
      false
    ]
  },
  {
    "s": "m-sauce-5-1",
    "p": "secret",
    "o": [
      "rel-ref-m-secret"
    ]
  },
  {
    "s": "m-sauce-5-1",
    "p": "spoon-of",
    "o": [
      "cognac"
    ]
  },
  {
    "s": "m-sauce-5-1",
    "p": "spoon-of",
    "o": [
      "armagnac"
    ]
  },
  {
    "s": "m-vegetable-4-1",
    "p": "vegetable-mix",
    "o": [
      "cucumber"
    ]
  },
  {
    "s": "m-vegetable-4-1",
    "p": "vegetable-mix",
    "o": [
      "cucumber"
    ]
  },
  {
    "s": "m-vegetable-4-1",
    "p": "vegetable-mix",
    "o": [
      "cucumber"
    ]
  },
  {
    "s": "m-vegetable-4-1",
    "p": "sauce",
    "o": [
      "m-sauce-5-1"
    ]
  },
  {
    "s": "m-meal-1-1",
    "p": "starter",
    "o": [
      "caviar"
    ]
  },
  {
    "s": "m-meal-1-1",
    "p": "starter",
    "o": [
      "soup"
    ]
  },
  {
    "s": "m-meal-1-1",
    "p": "starter",
    "o": [
      "caviar"
    ]
  },
  {
    "s": "m-meal-1-1",
    "p": "main-meat",
    "o": [
      "m-meat-2-1"
    ]
  },
  {
    "s": "m-meal-1-1",
    "p": "main-vegetable",
    "o": [
      "m-vegetable-4-1"
    ]
  },
  {
    "s": "m-sauce-8-1",
    "p": "olive-oil",
    "o": [
      9.75,
      "teaspoon"
    ]
  },
  {
    "s": "m-sauce-8-1",
    "p": "diced-onion",
    "o": [
      2
    ]
  },
  {
    "s": "m-sauce-8-1",
    "p": "spice:Garlic/wild",
    "o": []
  },
  {
    "s": "m-sauce-8-1",
    "p": "chilli",
    "o": [
      false
    ]
  },
  {
    "s": "m-sauce-8-1",
    "p": "secret",
    "o": [
      "rel-ref-m-secret"
    ]
  },
  {
    "s": "m-sauce-8-1",
    "p": "spoon-of",
    "o": [
      "cognac"
    ]
  },
  {
    "s": "m-sauce-8-1",
    "p": "spoon-of",
    "o": [
      "armagnac"
    ]
  },
  {
    "s": "m-meat-7-1",
    "p": "meat-type",
    "o": [
      "chicken"
    ]
  },
  {
    "s": "m-meat-7-1",
    "p": "sauce",
    "o": [
      "m-sauce-8-1"
    ]
  },
  {
    "s": "m-sauce-10-1",
    "p": "diced-onion",
    "o": [
      1
    ]
  },
  {
    "s": "m-sauce-10-1",
    "p": "spice:Garlic/black",
    "o": []
  },
  {
    "s": "m-sauce-10-1",
    "p": "chilli",
    "o": [
      false
    ]
  },
  {
    "s": "m-sauce-10-1",
    "p": "secret",
    "o": [
      "rel-ref-m-secret"
    ]
  },
  {
    "s": "m-sauce-10-1",
    "p": "spoon-of",
    "o": [
      "cognac"
    ]
  },
  {
    "s": "m-sauce-10-1",
    "p": "spoon-of",
    "o": [
      "armagnac"
    ]
  },
  {
    "s": "m-vegetable-9-1",
    "p": "vegetable-mix",
    "o": [
      "salad"
    ]
  },
  {
    "s": "m-vegetable-9-1",
    "p": "vegetable-mix",
    "o": [
      "salad"
    ]
  },
  {
    "s": "m-vegetable-9-1",
    "p": "vegetable-mix",
    "o": [
      "salad"
    ]
  },
  {
    "s": "m-vegetable-9-1",
    "p": "sauce",
    "o": [
      "m-sauce-10-1"
    ]
  },
  {
    "s": "m-meal-6-2",
    "p": "starter",
    "o": [
      "caviar"
    ]
  },
  {
    "s": "m-meal-6-2",
    "p": "main-meat",
    "o": [
      "m-meat-7-1"
    ]
  },
  {
    "s": "m-meal-6-2",
    "p": "main-vegetable",
    "o": [
      "m-vegetable-9-1"
    ]
  }
]
